Logging level: Debug
Configurations cached at /home/ares/.vscode-server/data/User/workspaceStorage/00a831edcbbfc5dcd94532772647412c/ms-vscode.makefile-tools/configurationCache.log
Sending telemetry: eventName = varexp
properties: setting = "makefilePath",pattern = "workspaceFolder"
Expanding from '${workspaceFolder}/**/Makefile' to '/home/ares/PX4-Autopilot.worktrees/avs/**/Makefile' for setting 'makefilePath'.
Sending telemetry: eventName = varexp
properties: setting = "makeDirectory",pattern = "workspaceFolder"
Expanding from '${workspaceFolder}' to '/home/ares/PX4-Autopilot.worktrees/avs' for setting 'makeDirectory'.
Always pre-configure: false
Always post-configure: false
Dry-run switches: '--always-make', '--keep-going', '--print-directory'
Safe commands: 'cat'
Sending telemetry: eventName = varexp
properties: setting = "configurations.0.makeDirectory",pattern = "workspaceFolder"
Expanding from '${workspaceFolder}/libtools' to '/home/ares/PX4-Autopilot.worktrees/avs/libtools' for setting 'configurations.0.makeDirectory'.
Sending telemetry: eventName = varexp
properties: setting = "configurations.1.makeDirectory",pattern = "workspaceFolder"
Expanding from '${workspaceFolder}/libloragw' to '/home/ares/PX4-Autopilot.worktrees/avs/libloragw' for setting 'configurations.1.makeDirectory'.
Sending telemetry: eventName = varexp
properties: setting = "configurations.2.makeDirectory",pattern = "workspaceFolder"
Expanding from '${workspaceFolder}/packet_forwarder' to '/home/ares/PX4-Autopilot.worktrees/avs/packet_forwarder' for setting 'configurations.2.makeDirectory'.
Sending telemetry: eventName = varexp
properties: setting = "configurations.3.makeDirectory",pattern = "workspaceFolder"
Expanding from '${workspaceFolder}/lora_rcvr' to '/home/ares/PX4-Autopilot.worktrees/avs/lora_rcvr' for setting 'configurations.3.makeDirectory'.
Found the following configurations defined in makefile.configurations setting: libtools;libloragw;packet_forwarder;lora_rcvr
No current launch configuration is set in the workspace state.
Default launch configuration: MIMode = undefined,
                miDebuggerPath = undefined,
                stopAtEntry = undefined,
                symbolSearchPath = undefined
Configure on open: true
Configure on edit: true
Configure after command: true
Only .PHONY targets: false
Save before build or configure: true
Build before launch: true
Clear output before build: true
Ignore directory commands: true
compile_commands.json path: null
Deduced command 'make -f /home/ares/PX4-Autopilot.worktrees/avs/**/Makefile -C /home/ares/PX4-Autopilot.worktrees/avs' for configuration "Default"
The makefile entry point was not found. Make sure it exists at the location defined by makefile.makefilePath, makefile.configurations[].makefilePath, makefile makefile.makeDirectory, makefile.configurations[].makeDirectory or in the root of the workspace.
Sending telemetry: eventName = makefileNotFound
properties: reason = "not found at path given in settings"
Sending telemetry: eventName = settings
properties: makefile.makeDirectory = "...",makefile.makefilePath = "...",makefile.extensionLog = "...",makefile.safeCommands = "...",makefile.configureOnOpen = "true"
